ARM Linker, 5.03 [Build 76] [MDK-ARM Standard]

==============================================================================

Section Cross References

    os_cpu_a.o(.text) refers (Special) to swiftos.o(.data) for CurrentRunThreadNext
    os_cpu_a.o(.text) refers to k_thread.o(.text) for OSThreadSwtHook
    startup_stm32f10x_hd.o(STACK) refers (Special) to heapauxi.o(.text) for __use_two_region_memory
    startup_stm32f10x_hd.o(HEAP) refers (Special) to heapauxi.o(.text) for __use_two_region_memory
    startup_stm32f10x_hd.o(RESET) refers (Special) to heapauxi.o(.text) for __use_two_region_memory
    startup_stm32f10x_hd.o(RESET) refers to startup_stm32f10x_hd.o(STACK) for __initial_sp
    startup_stm32f10x_hd.o(RESET) refers to startup_stm32f10x_hd.o(.text) for Reset_Handler
    startup_stm32f10x_hd.o(RESET) refers to stm32f10x_it.o(.text) for NMI_Handler
    startup_stm32f10x_hd.o(RESET) refers to os_cpu_a.o(.text) for PendSV_Handler
    startup_stm32f10x_hd.o(RESET) refers to delay.o(.text) for SysTick_Handler
    startup_stm32f10x_hd.o(RESET) refers to usart.o(.text) for USART1_IRQHandler
    startup_stm32f10x_hd.o(.text) refers (Special) to heapauxi.o(.text) for __use_two_region_memory
    startup_stm32f10x_hd.o(.text) refers to system_stm32f10x.o(.text) for SystemInit
    startup_stm32f10x_hd.o(.text) refers to __main.o(!!!main) for __main
    startup_stm32f10x_hd.o(.text) refers to startup_stm32f10x_hd.o(HEAP) for Heap_Mem
    startup_stm32f10x_hd.o(.text) refers to startup_stm32f10x_hd.o(STACK) for Stack_Mem
    system_stm32f10x.o(.text) refers to system_stm32f10x.o(.data) for SystemCoreClock
    k_core.o(.text) refers to os_cpu_a.o(.text) for OS_CPU_SR_Save
    k_core.o(.text) refers to k_tds_operate.o(.text) for TDS_ChangeTab
    k_core.o(.text) refers to k_thread.o(.text) for OSThreadSwtHook
    k_core.o(.text) refers to swiftos.o(.data) for OS_HighestPrio
    k_core.o(.text) refers to swiftos.o(.bss) for OSTDSWaitList
    k_malloc.o(.text) refers to malloc.o(.text) for mymalloc
    k_tds_operate.o(.text) refers to swiftos.o(.bss) for OSTDSRdyList
    k_tds_operate.o(.text) refers to swiftos.o(.data) for OS_HighestPrio
    k_thread.o(.text) refers to k_malloc.o(.text) for Kmalloc
    k_thread.o(.text) refers to k_tds_operate.o(.text) for TDS_Insert
    k_thread.o(.text) refers to os_cpu_a.o(.text) for OS_CPU_SR_Save
    k_thread.o(.text) refers to k_cpu_core.o(.text) for ThreadSTKInt
    k_thread.o(.text) refers to k_core.o(.text) for OSTDS_Sched
    k_thread.o(.text) refers to k_thread.o(.bss) for OSThreadPool
    k_thread.o(.text) refers to swiftos.o(.bss) for OSTDSRdyList
    k_thread.o(.text) refers to swiftos.o(.data) for OS_THREAD_ALL
    mutex.o(.text) refers to os_cpu_a.o(.text) for OS_CPU_SR_Save
    mutex.o(.text) refers to k_malloc.o(.text) for Kmalloc
    mutex.o(.text) refers to mutex.o(.bss) for mutex_pool
    mutex.o(.text) refers to swiftos.o(.data) for OSMutexList
    time.o(.text) refers to os_cpu_a.o(.text) for OS_CPU_SR_Save
    time.o(.text) refers to k_tds_operate.o(.text) for TDS_InsertFifo
    time.o(.text) refers to k_core.o(.text) for OSTDS_Sched
    time.o(.text) refers to swiftos.o(.data) for OSIntNesting
    malloc.o(.text) refers to malloc.o(.constdata) for memtblsize
    malloc.o(.text) refers to malloc.o(.data) for mallco_dev
    malloc.o(.data) refers to malloc.o(.text) for mem_init
    malloc.o(.data) refers to malloc.o(.bss) for mem1base
    malloc.o(.data) refers to malloc.o(.ARM.__AT_0x68000000) for mem2base
    malloc.o(.data) refers to malloc.o(.ARM.__AT_0x68030000) for mem2mapbase
    sram.o(.text) refers to stm32f10x_rcc.o(.text) for RCC_APB2PeriphClockCmd
    sram.o(.text) refers to stm32f10x_gpio.o(.text) for GPIO_Init
    sram.o(.text) refers to stm32f10x_fsmc.o(.text) for FSMC_NORSRAMInit
    delay.o(.text) refers to k_core.o(.text) for OSEnterInt
    delay.o(.text) refers to misc.o(.text) for SysTick_CLKSourceConfig
    delay.o(.text) refers to time.o(.text) for OSTimeDly
    delay.o(.text) refers to k_thread.o(.text) for OS_ThreadBlock
    delay.o(.text) refers to system_stm32f10x.o(.data) for SystemCoreClock
    delay.o(.text) refers to delay.o(.data) for fac_us
    delay.o(.text) refers to swiftos.o(.data) for OSRunning
    sys.o(.text) refers to misc.o(.text) for NVIC_PriorityGroupConfig
    start.o(.text) refers to delay.o(.text) for delay_ms
    start.o(.text) refers to os_cpu_a.o(.text) for OS_CPU_SR_Save
    start.o(.text) refers to k_thread.o(.text) for OSThreadCreate
    start.o(.text) refers to k_cpu_core.o(.text) for ThreadSTKInt
    start.o(.text) refers to sys.o(.text) for NVIC_Configuration
    start.o(.text) refers to usart.o(.text) for uart_init
    start.o(.text) refers to led.o(.text) for LED_Init
    start.o(.text) refers to sram.o(.text) for FSMC_SRAM_Init
    start.o(.text) refers to malloc.o(.text) for mem_init
    start.o(.text) refers to start.o(.bss) for FIRST_THREAD_STK
    start.o(.text) refers to swiftos.o(.data) for OSRunning
    main.o(.text) refers to start.o(.text) for OS_COREHWInt
    stm32f10x_adc.o(.text) refers to stm32f10x_rcc.o(.text) for RCC_APB2PeriphResetCmd
    stm32f10x_bkp.o(.text) refers to stm32f10x_rcc.o(.text) for RCC_BackupResetCmd
    stm32f10x_can.o(.text) refers to stm32f10x_rcc.o(.text) for RCC_APB1PeriphResetCmd
    stm32f10x_cec.o(.text) refers to stm32f10x_rcc.o(.text) for RCC_APB1PeriphResetCmd
    stm32f10x_dac.o(.text) refers to stm32f10x_rcc.o(.text) for RCC_APB1PeriphResetCmd
    stm32f10x_gpio.o(.text) refers to stm32f10x_rcc.o(.text) for RCC_APB2PeriphResetCmd
    stm32f10x_i2c.o(.text) refers to stm32f10x_rcc.o(.text) for RCC_APB1PeriphResetCmd
    stm32f10x_pwr.o(.text) refers to stm32f10x_rcc.o(.text) for RCC_APB1PeriphResetCmd
    stm32f10x_rcc.o(.text) refers to stm32f10x_rcc.o(.data) for APBAHBPrescTable
    stm32f10x_spi.o(.text) refers to stm32f10x_rcc.o(.text) for RCC_APB2PeriphResetCmd
    stm32f10x_tim.o(.text) refers to stm32f10x_rcc.o(.text) for RCC_APB2PeriphResetCmd
    stm32f10x_usart.o(.text) refers to stm32f10x_rcc.o(.text) for RCC_APB2PeriphResetCmd
    stm32f10x_wwdg.o(.text) refers to stm32f10x_rcc.o(.text) for RCC_APB1PeriphResetCmd
    led.o(.text) refers to stm32f10x_rcc.o(.text) for RCC_APB2PeriphClockCmd
    led.o(.text) refers to stm32f10x_gpio.o(.text) for GPIO_Init
    usart.o(.text) refers (Special) to use_no_semi_2.o(.text) for __use_no_semihosting
    usart.o(.text) refers to stm32f10x_rcc.o(.text) for RCC_APB2PeriphClockCmd
    usart.o(.text) refers to stm32f10x_gpio.o(.text) for GPIO_Init
    usart.o(.text) refers to misc.o(.text) for NVIC_Init
    usart.o(.text) refers to stm32f10x_usart.o(.text) for USART_Init
    usart.o(.text) refers to k_core.o(.text) for OSEnterInt
    usart.o(.text) refers to usart.o(.data) for USART_RX_STA
    usart.o(.text) refers to usart.o(.bss) for USART_RX_BUF
    usart.o(.bss) refers (Special) to use_no_semi_2.o(.text) for __use_no_semihosting
    usart.o(.data) refers (Special) to use_no_semi_2.o(.text) for __use_no_semihosting
    use_no_semi_2.o(.text) refers (Special) to use_no_semi.o(.text) for __use_no_semihosting_swi
    __main.o(!!!main) refers to rtentry.o(.ARM.Collect$$rtentry$$00000000) for __rt_entry
    rtentry.o(.ARM.Collect$$rtentry$$00000000) refers (Special) to rtentry2.o(.ARM.Collect$$rtentry$$0000000A) for __rt_entry_li
    rtentry.o(.ARM.Collect$$rtentry$$00000000) refers (Special) to rtentry2.o(.ARM.Collect$$rtentry$$0000000D) for __rt_entry_main
    rtentry.o(.ARM.Collect$$rtentry$$00000000) refers (Special) to rtentry2.o(.ARM.Collect$$rtentry$$0000000C) for __rt_entry_postli_1
    rtentry.o(.ARM.Collect$$rtentry$$00000000) refers (Special) to rtentry2.o(.ARM.Collect$$rtentry$$00000009) for __rt_entry_postsh_1
    rtentry.o(.ARM.Collect$$rtentry$$00000000) refers (Special) to rtentry2.o(.ARM.Collect$$rtentry$$00000002) for __rt_entry_presh_1
    rtentry.o(.ARM.Collect$$rtentry$$00000000) refers (Special) to rtentry4.o(.ARM.Collect$$rtentry$$00000004) for __rt_entry_sh
    rtentry2.o(.ARM.Collect$$rtentry$$00000008) refers to boardinit2.o(.text) for _platform_post_stackheap_init
    rtentry2.o(.ARM.Collect$$rtentry$$0000000A) refers to libinit.o(.ARM.Collect$$libinit$$00000000) for __rt_lib_init
    rtentry2.o(.ARM.Collect$$rtentry$$0000000B) refers to boardinit3.o(.text) for _platform_post_lib_init
    rtentry2.o(.ARM.Collect$$rtentry$$0000000D) refers to main.o(.text) for main
    rtentry2.o(.ARM.Collect$$rtentry$$0000000D) refers to exit.o(.text) for exit
    rtentry2.o(.ARM.exidx) refers to rtentry2.o(.ARM.Collect$$rtentry$$00000001) for .ARM.Collect$$rtentry$$00000001
    rtentry2.o(.ARM.exidx) refers to rtentry2.o(.ARM.Collect$$rtentry$$00000008) for .ARM.Collect$$rtentry$$00000008
    rtentry2.o(.ARM.exidx) refers to rtentry2.o(.ARM.Collect$$rtentry$$0000000A) for .ARM.Collect$$rtentry$$0000000A
    rtentry2.o(.ARM.exidx) refers to rtentry2.o(.ARM.Collect$$rtentry$$0000000B) for .ARM.Collect$$rtentry$$0000000B
    rtentry2.o(.ARM.exidx) refers to rtentry2.o(.ARM.Collect$$rtentry$$0000000D) for .ARM.Collect$$rtentry$$0000000D
    rtentry4.o(.ARM.Collect$$rtentry$$00000004) refers to sys_stackheap_outer.o(.text) for __user_setup_stackheap
    rtentry4.o(.ARM.exidx) refers to rtentry4.o(.ARM.Collect$$rtentry$$00000004) for .ARM.Collect$$rtentry$$00000004
    sys_stackheap_outer.o(.text) refers to libspace.o(.text) for __user_perproc_libspace
    sys_stackheap_outer.o(.text) refers to startup_stm32f10x_hd.o(.text) for __user_initial_stackheap
    exit.o(.text) refers to rtexit.o(.ARM.Collect$$rtexit$$00000000) for __rt_exit
    libinit.o(.ARM.Collect$$libinit$$00000000) refers (Special) to libinit2.o(.ARM.Collect$$libinit$$0000002C) for __rt_lib_init_alloca_1
    libinit.o(.ARM.Collect$$libinit$$00000000) refers (Special) to libinit2.o(.ARM.Collect$$libinit$$0000002A) for __rt_lib_init_argv_1
    libinit.o(.ARM.Collect$$libinit$$00000000) refers (Special) to libinit2.o(.ARM.Collect$$libinit$$00000019) for __rt_lib_init_atexit_1
    libinit.o(.ARM.Collect$$libinit$$00000000) refers (Special) to libinit2.o(.ARM.Collect$$libinit$$0000001F) for __rt_lib_init_clock_1
    libinit.o(.ARM.Collect$$libinit$$00000000) refers (Special) to libinit2.o(.ARM.Collect$$libinit$$00000030) for __rt_lib_init_cpp_1
    libinit.o(.ARM.Collect$$libinit$$00000000) refers (Special) to libinit2.o(.ARM.Collect$$libinit$$0000002E) for __rt_lib_init_exceptions_1
    libinit.o(.ARM.Collect$$libinit$$00000000) refers (Special) to libinit2.o(.ARM.Collect$$libinit$$00000002) for __rt_lib_init_fp_1
    libinit.o(.ARM.Collect$$libinit$$00000000) refers (Special) to libinit2.o(.ARM.Collect$$libinit$$0000001D) for __rt_lib_init_fp_trap_1
    libinit.o(.ARM.Collect$$libinit$$00000000) refers (Special) to libinit2.o(.ARM.Collect$$libinit$$00000021) for __rt_lib_init_getenv_1
    libinit.o(.ARM.Collect$$libinit$$00000000) refers (Special) to libinit2.o(.ARM.Collect$$libinit$$00000008) for __rt_lib_init_heap_1
    libinit.o(.ARM.Collect$$libinit$$00000000) refers (Special) to libinit2.o(.ARM.Collect$$libinit$$0000000F) for __rt_lib_init_lc_collate_1
    libinit.o(.ARM.Collect$$libinit$$00000000) refers (Special) to libinit2.o(.ARM.Collect$$libinit$$00000011) for __rt_lib_init_lc_ctype_1
    libinit.o(.ARM.Collect$$libinit$$00000000) refers (Special) to libinit2.o(.ARM.Collect$$libinit$$00000013) for __rt_lib_init_lc_monetary_1
    libinit.o(.ARM.Collect$$libinit$$00000000) refers (Special) to libinit2.o(.ARM.Collect$$libinit$$00000015) for __rt_lib_init_lc_numeric_1
    libinit.o(.ARM.Collect$$libinit$$00000000) refers (Special) to libinit2.o(.ARM.Collect$$libinit$$00000017) for __rt_lib_init_lc_time_1
    libinit.o(.ARM.Collect$$libinit$$00000000) refers (Special) to libinit2.o(.ARM.Collect$$libinit$$0000000C) for __rt_lib_init_rand_1
    libinit.o(.ARM.Collect$$libinit$$00000000) refers (Special) to libinit2.o(.ARM.Collect$$libinit$$00000031) for __rt_lib_init_return
    libinit.o(.ARM.Collect$$libinit$$00000000) refers (Special) to libinit2.o(.ARM.Collect$$libinit$$0000001B) for __rt_lib_init_signal_1
    libinit.o(.ARM.Collect$$libinit$$00000000) refers (Special) to libinit2.o(.ARM.Collect$$libinit$$00000023) for __rt_lib_init_stdio_1
    libinit.o(.ARM.Collect$$libinit$$00000000) refers (Special) to libinit2.o(.ARM.Collect$$libinit$$0000000A) for __rt_lib_init_user_alloc_1
    libspace.o(.text) refers to libspace.o(.bss) for __libspace_start
    rtexit.o(.ARM.Collect$$rtexit$$00000000) refers (Special) to rtexit2.o(.ARM.Collect$$rtexit$$00000004) for __rt_exit_exit
    rtexit.o(.ARM.Collect$$rtexit$$00000000) refers (Special) to rtexit2.o(.ARM.Collect$$rtexit$$00000003) for __rt_exit_ls
    rtexit.o(.ARM.Collect$$rtexit$$00000000) refers (Special) to rtexit2.o(.ARM.Collect$$rtexit$$00000002) for __rt_exit_prels_1
    rtexit.o(.ARM.exidx) refers (Special) to rtexit2.o(.ARM.Collect$$rtexit$$00000004) for __rt_exit_exit
    rtexit.o(.ARM.exidx) refers (Special) to rtexit2.o(.ARM.Collect$$rtexit$$00000003) for __rt_exit_ls
    rtexit.o(.ARM.exidx) refers (Special) to rtexit2.o(.ARM.Collect$$rtexit$$00000002) for __rt_exit_prels_1
    rtexit.o(.ARM.exidx) refers to rtexit.o(.ARM.Collect$$rtexit$$00000000) for .ARM.Collect$$rtexit$$00000000
    libinit2.o(.ARM.Collect$$libinit$$0000000E) refers to libinit2.o(.ARM.Collect$$libinit$$0000000D) for .ARM.Collect$$libinit$$0000000D
    libinit2.o(.ARM.Collect$$libinit$$00000010) refers to libinit2.o(.ARM.Collect$$libinit$$0000000D) for .ARM.Collect$$libinit$$0000000D
    libinit2.o(.ARM.Collect$$libinit$$00000012) refers to libinit2.o(.ARM.Collect$$libinit$$0000000D) for .ARM.Collect$$libinit$$0000000D
    libinit2.o(.ARM.Collect$$libinit$$00000014) refers to libinit2.o(.ARM.Collect$$libinit$$0000000D) for .ARM.Collect$$libinit$$0000000D
    libinit2.o(.ARM.Collect$$libinit$$00000016) refers to libinit2.o(.ARM.Collect$$libinit$$0000000D) for .ARM.Collect$$libinit$$0000000D
    libinit2.o(.ARM.Collect$$libinit$$00000024) refers to argv_veneer.o(.emb_text) for __ARM_argv_veneer
    libinit2.o(.ARM.Collect$$libinit$$00000025) refers to argv_veneer.o(.emb_text) for __ARM_argv_veneer
    rtexit2.o(.ARM.Collect$$rtexit$$00000003) refers to libshutdown.o(.ARM.Collect$$libshutdown$$00000000) for __rt_lib_shutdown
    rtexit2.o(.ARM.Collect$$rtexit$$00000004) refers to usart.o(.text) for _sys_exit
    rtexit2.o(.ARM.exidx) refers to rtexit2.o(.ARM.Collect$$rtexit$$00000001) for .ARM.Collect$$rtexit$$00000001
    rtexit2.o(.ARM.exidx) refers to rtexit2.o(.ARM.Collect$$rtexit$$00000003) for .ARM.Collect$$rtexit$$00000003
    rtexit2.o(.ARM.exidx) refers to rtexit2.o(.ARM.Collect$$rtexit$$00000004) for .ARM.Collect$$rtexit$$00000004
    argv_veneer.o(.emb_text) refers to no_argv.o(.text) for __ARM_get_argv
    _get_argv_nomalloc.o(.text) refers (Special) to hrguard.o(.text) for __heap_region$guard
    _get_argv_nomalloc.o(.text) refers to defsig_rtmem_outer.o(.text) for __rt_SIGRTMEM
    _get_argv_nomalloc.o(.text) refers to sys_command.o(.text) for _sys_command_string
    libshutdown.o(.ARM.Collect$$libshutdown$$00000000) refers (Special) to libshutdown2.o(.ARM.Collect$$libshutdown$$00000006) for __rt_lib_shutdown_fp_trap_1
    libshutdown.o(.ARM.Collect$$libshutdown$$00000000) refers (Special) to libshutdown2.o(.ARM.Collect$$libshutdown$$0000000E) for __rt_lib_shutdown_heap_1
    libshutdown.o(.ARM.Collect$$libshutdown$$00000000) refers (Special) to libshutdown2.o(.ARM.Collect$$libshutdown$$0000000F) for __rt_lib_shutdown_return
    libshutdown.o(.ARM.Collect$$libshutdown$$00000000) refers (Special) to libshutdown2.o(.ARM.Collect$$libshutdown$$00000009) for __rt_lib_shutdown_signal_1
    libshutdown.o(.ARM.Collect$$libshutdown$$00000000) refers (Special) to libshutdown2.o(.ARM.Collect$$libshutdown$$00000003) for __rt_lib_shutdown_stdio_1
    libshutdown.o(.ARM.Collect$$libshutdown$$00000000) refers (Special) to libshutdown2.o(.ARM.Collect$$libshutdown$$0000000B) for __rt_lib_shutdown_user_alloc_1
    sys_command.o(.text) refers (Special) to use_no_semi.o(.text) for __I$use$semihosting
    sys_command.o(.text) refers (Special) to indicate_semi.o(.text) for __semihosting_library_function
    defsig_rtmem_outer.o(.text) refers to defsig_rtmem_inner.o(.text) for __rt_SIGRTMEM_inner
    defsig_rtmem_outer.o(.text) refers to defsig_exit.o(.text) for __sig_exit
    defsig_rtmem_formal.o(.text) refers to rt_raise.o(.text) for __rt_raise
    rt_raise.o(.text) refers to __raise.o(.text) for __raise
    rt_raise.o(.text) refers to usart.o(.text) for _sys_exit
    defsig_exit.o(.text) refers to usart.o(.text) for _sys_exit
    defsig_rtmem_inner.o(.text) refers to defsig_general.o(.text) for __default_signal_display
    __raise.o(.text) refers to defsig.o(CL$$defsig) for __default_signal_handler
    defsig_general.o(.text) refers to sys_wrch.o(.text) for _ttywrch
    sys_wrch.o(.text) refers (Special) to use_no_semi.o(.text) for __I$use$semihosting
    sys_wrch.o(.text) refers (Special) to indicate_semi.o(.text) for __semihosting_library_function
    defsig.o(CL$$defsig) refers to defsig_rtmem_inner.o(.text) for __rt_SIGRTMEM_inner
    defsig_abrt_inner.o(.text) refers to defsig_general.o(.text) for __default_signal_display
    defsig_fpe_inner.o(.text) refers to defsig_general.o(.text) for __default_signal_display
    defsig_rtred_inner.o(.text) refers to defsig_general.o(.text) for __default_signal_display
    defsig_stak_inner.o(.text) refers to defsig_general.o(.text) for __default_signal_display
    defsig_pvfn_inner.o(.text) refers to defsig_general.o(.text) for __default_signal_display
    defsig_cppl_inner.o(.text) refers to defsig_general.o(.text) for __default_signal_display
    defsig_segv_inner.o(.text) refers to defsig_general.o(.text) for __default_signal_display
    defsig_other.o(.text) refers to defsig_general.o(.text) for __default_signal_display


==============================================================================

Removing Unused input sections from the image.

    Removing core_cm3.o(.emb_text), (32 bytes).
    Removing mutex.o(.text), (412 bytes).
    Removing mutex.o(.bss), (164 bytes).
    Removing stm32f10x_adc.o(.text), (1102 bytes).
    Removing stm32f10x_bkp.o(.text), (196 bytes).
    Removing stm32f10x_can.o(.text), (2540 bytes).
    Removing stm32f10x_cec.o(.text), (288 bytes).
    Removing stm32f10x_crc.o(.text), (72 bytes).
    Removing stm32f10x_dac.o(.text), (396 bytes).
    Removing stm32f10x_dbgmcu.o(.text), (48 bytes).
    Removing stm32f10x_dma.o(.text), (592 bytes).
    Removing stm32f10x_exti.o(.text), (284 bytes).
    Removing stm32f10x_flash.o(.text), (1468 bytes).
    Removing stm32f10x_i2c.o(.text), (1028 bytes).
    Removing stm32f10x_iwdg.o(.text), (64 bytes).
    Removing stm32f10x_pwr.o(.text), (204 bytes).
    Removing stm32f10x_rtc.o(.text), (324 bytes).
    Removing stm32f10x_sdio.o(.text), (472 bytes).
    Removing stm32f10x_spi.o(.text), (780 bytes).
    Removing stm32f10x_tim.o(.text), (3610 bytes).
    Removing stm32f10x_wwdg.o(.text), (136 bytes).

21 unused section(s) (total 14212 bytes) removed from the image.

==============================================================================

Image Symbol Table

    Local Symbols

    Symbol Name                              Value     Ov Type        Size  Object(Section)

    ../clib/angel/boardlib.s                 0x00000000   Number         0  boardshut.o ABSOLUTE
    ../clib/angel/boardlib.s                 0x00000000   Number         0  boardinit2.o ABSOLUTE
    ../clib/angel/boardlib.s                 0x00000000   Number         0  boardinit1.o ABSOLUTE
    ../clib/angel/boardlib.s                 0x00000000   Number         0  boardinit3.o ABSOLUTE
    ../clib/angel/handlers.s                 0x00000000   Number         0  __scatter_copy.o ABSOLUTE
    ../clib/angel/handlers.s                 0x00000000   Number         0  __scatter_zi.o ABSOLUTE
    ../clib/angel/kernel.s                   0x00000000   Number         0  rtentry4.o ABSOLUTE
    ../clib/angel/kernel.s                   0x00000000   Number         0  rtentry2.o ABSOLUTE
    ../clib/angel/kernel.s                   0x00000000   Number         0  rtexit2.o ABSOLUTE
    ../clib/angel/kernel.s                   0x00000000   Number         0  rtentry.o ABSOLUTE
    ../clib/angel/kernel.s                   0x00000000   Number         0  rtexit.o ABSOLUTE
    ../clib/angel/rt.s                       0x00000000   Number         0  rt_raise.o ABSOLUTE
    ../clib/angel/scatter.s                  0x00000000   Number         0  __scatter.o ABSOLUTE
    ../clib/angel/startup.s                  0x00000000   Number         0  __main.o ABSOLUTE
    ../clib/angel/sys.s                      0x00000000   Number         0  sys_stackheap_outer.o ABSOLUTE
    ../clib/angel/sys.s                      0x00000000   Number         0  indicate_semi.o ABSOLUTE
    ../clib/angel/sys.s                      0x00000000   Number         0  libspace.o ABSOLUTE
    ../clib/angel/sys.s                      0x00000000   Number         0  use_no_semi.o ABSOLUTE
    ../clib/angel/sys.s                      0x00000000   Number         0  use_no_semi_2.o ABSOLUTE
    ../clib/angel/sysapp.c                   0x00000000   Number         0  sys_command.o ABSOLUTE
    ../clib/angel/sysapp.c                   0x00000000   Number         0  sys_wrch.o ABSOLUTE
    ../clib/armsys.c                         0x00000000   Number         0  no_argv.o ABSOLUTE
    ../clib/armsys.c                         0x00000000   Number         0  _get_argv_nomalloc.o ABSOLUTE
    ../clib/armsys.c                         0x00000000   Number         0  argv_veneer.o ABSOLUTE
    ../clib/armsys.c                         0x00000000   Number         0  argv_veneer.o ABSOLUTE
    ../clib/heapalloc.c                      0x00000000   Number         0  hrguard.o ABSOLUTE
    ../clib/heapaux.c                        0x00000000   Number         0  heapauxi.o ABSOLUTE
    ../clib/libinit.s                        0x00000000   Number         0  libshutdown2.o ABSOLUTE
    ../clib/libinit.s                        0x00000000   Number         0  libinit2.o ABSOLUTE
    ../clib/libinit.s                        0x00000000   Number         0  libinit.o ABSOLUTE
    ../clib/libinit.s                        0x00000000   Number         0  libshutdown.o ABSOLUTE
    ../clib/signal.c                         0x00000000   Number         0  defsig_fpe_inner.o ABSOLUTE
    ../clib/signal.c                         0x00000000   Number         0  defsig_cppl_inner.o ABSOLUTE
    ../clib/signal.c                         0x00000000   Number         0  defsig_pvfn_inner.o ABSOLUTE
    ../clib/signal.c                         0x00000000   Number         0  defsig_stak_inner.o ABSOLUTE
    ../clib/signal.c                         0x00000000   Number         0  defsig_rtred_inner.o ABSOLUTE
    ../clib/signal.c                         0x00000000   Number         0  defsig_rtmem_outer.o ABSOLUTE
    ../clib/signal.c                         0x00000000   Number         0  defsig_rtmem_formal.o ABSOLUTE
    ../clib/signal.c                         0x00000000   Number         0  defsig_exit.o ABSOLUTE
    ../clib/signal.c                         0x00000000   Number         0  defsig_rtmem_inner.o ABSOLUTE
    ../clib/signal.c                         0x00000000   Number         0  __raise.o ABSOLUTE
    ../clib/signal.c                         0x00000000   Number         0  defsig_general.o ABSOLUTE
    ../clib/signal.c                         0x00000000   Number         0  defsig_other.o ABSOLUTE
    ../clib/signal.c                         0x00000000   Number         0  defsig_abrt_inner.o ABSOLUTE
    ../clib/signal.c                         0x00000000   Number         0  defsig_segv_inner.o ABSOLUTE
    ../clib/signal.s                         0x00000000   Number         0  defsig.o ABSOLUTE
    ../clib/stdlib.c                         0x00000000   Number         0  exit.o ABSOLUTE
    ../fplib/fpinit.s                        0x00000000   Number         0  fpinit.o ABSOLUTE
    Driver\CoreDriver\Cpu\core_cm3.c         0x00000000   Number         0  core_cm3.o ABSOLUTE
    Driver\CoreDriver\Cpu\os_cpu_a.asm       0x00000000   Number         0  os_cpu_a.o ABSOLUTE
    Driver\CoreDriver\Cpu\startup_stm32f10x_hd.s 0x00000000   Number         0  startup_stm32f10x_hd.o ABSOLUTE
    Driver\CoreDriver\Cpu\stm32f10x_it.c     0x00000000   Number         0  stm32f10x_it.o ABSOLUTE
    Driver\CoreDriver\Cpu\system_stm32f10x.c 0x00000000   Number         0  system_stm32f10x.o ABSOLUTE
    Driver\CoreDriver\Ram\malloc.c           0x00000000   Number         0  malloc.o ABSOLUTE
    Driver\CoreDriver\Sys\sys.c              0x00000000   Number         0  sys.o ABSOLUTE
    Driver\CoreDriver\Timer\delay.c          0x00000000   Number         0  delay.o ABSOLUTE
    Driver\CoreDriver\Uart\usart.c           0x00000000   Number         0  usart.o ABSOLUTE
    Driver\HARDWARE\LED\led.c                0x00000000   Number         0  led.o ABSOLUTE
    Driver\HARDWARE\SRAM\sram.c              0x00000000   Number         0  sram.o ABSOLUTE
    Driver\STM32F10x_FWLib\src\misc.c        0x00000000   Number         0  misc.o ABSOLUTE
    Driver\STM32F10x_FWLib\src\stm32f10x_adc.c 0x00000000   Number         0  stm32f10x_adc.o ABSOLUTE
    Driver\STM32F10x_FWLib\src\stm32f10x_bkp.c 0x00000000   Number         0  stm32f10x_bkp.o ABSOLUTE
    Driver\STM32F10x_FWLib\src\stm32f10x_can.c 0x00000000   Number         0  stm32f10x_can.o ABSOLUTE
    Driver\STM32F10x_FWLib\src\stm32f10x_cec.c 0x00000000   Number         0  stm32f10x_cec.o ABSOLUTE
    Driver\STM32F10x_FWLib\src\stm32f10x_crc.c 0x00000000   Number         0  stm32f10x_crc.o ABSOLUTE
    Driver\STM32F10x_FWLib\src\stm32f10x_dac.c 0x00000000   Number         0  stm32f10x_dac.o ABSOLUTE
    Driver\STM32F10x_FWLib\src\stm32f10x_dbgmcu.c 0x00000000   Number         0  stm32f10x_dbgmcu.o ABSOLUTE
    Driver\STM32F10x_FWLib\src\stm32f10x_dma.c 0x00000000   Number         0  stm32f10x_dma.o ABSOLUTE
    Driver\STM32F10x_FWLib\src\stm32f10x_exti.c 0x00000000   Number         0  stm32f10x_exti.o ABSOLUTE
    Driver\STM32F10x_FWLib\src\stm32f10x_flash.c 0x00000000   Number         0  stm32f10x_flash.o ABSOLUTE
    Driver\STM32F10x_FWLib\src\stm32f10x_fsmc.c 0x00000000   Number         0  stm32f10x_fsmc.o ABSOLUTE
    Driver\STM32F10x_FWLib\src\stm32f10x_gpio.c 0x00000000   Number         0  stm32f10x_gpio.o ABSOLUTE
    Driver\STM32F10x_FWLib\src\stm32f10x_i2c.c 0x00000000   Number         0  stm32f10x_i2c.o ABSOLUTE
    Driver\STM32F10x_FWLib\src\stm32f10x_iwdg.c 0x00000000   Number         0  stm32f10x_iwdg.o ABSOLUTE
    Driver\STM32F10x_FWLib\src\stm32f10x_pwr.c 0x00000000   Number         0  stm32f10x_pwr.o ABSOLUTE
    Driver\STM32F10x_FWLib\src\stm32f10x_rcc.c 0x00000000   Number         0  stm32f10x_rcc.o ABSOLUTE
    Driver\STM32F10x_FWLib\src\stm32f10x_rtc.c 0x00000000   Number         0  stm32f10x_rtc.o ABSOLUTE
    Driver\STM32F10x_FWLib\src\stm32f10x_sdio.c 0x00000000   Number         0  stm32f10x_sdio.o ABSOLUTE
    Driver\STM32F10x_FWLib\src\stm32f10x_spi.c 0x00000000   Number         0  stm32f10x_spi.o ABSOLUTE
    Driver\STM32F10x_FWLib\src\stm32f10x_tim.c 0x00000000   Number         0  stm32f10x_tim.o ABSOLUTE
    Driver\STM32F10x_FWLib\src\stm32f10x_usart.c 0x00000000   Number         0  stm32f10x_usart.o ABSOLUTE
    Driver\STM32F10x_FWLib\src\stm32f10x_wwdg.c 0x00000000   Number         0  stm32f10x_wwdg.o ABSOLUTE
    Driver\\CoreDriver\\Cpu\\core_cm3.c      0x00000000   Number         0  core_cm3.o ABSOLUTE
    dc.s                                     0x00000000   Number         0  dc.o ABSOLUTE
    kernel\Core\Inter_Handler.c              0x00000000   Number         0  inter_handler.o ABSOLUTE
    kernel\Core\K_Core.c                     0x00000000   Number         0  k_core.o ABSOLUTE
    kernel\Core\SwiftOS.c                    0x00000000   Number         0  swiftos.o ABSOLUTE
    kernel\Hal\core\K_Cpu_Core.c             0x00000000   Number         0  k_cpu_core.o ABSOLUTE
    kernel\Ipc\BroadCast.c                   0x00000000   Number         0  broadcast.o ABSOLUTE
    kernel\Ipc\Event.c                       0x00000000   Number         0  event.o ABSOLUTE
    kernel\Ipc\MemShare.c                    0x00000000   Number         0  memshare.o ABSOLUTE
    kernel\Ipc\Message.c                     0x00000000   Number         0  message.o ABSOLUTE
    kernel\Memery\K_Malloc.c                 0x00000000   Number         0  k_malloc.o ABSOLUTE
    kernel\Start\Start.c                     0x00000000   Number         0  start.o ABSOLUTE
    kernel\Thread\K_TDS_Operate.c            0x00000000   Number         0  k_tds_operate.o ABSOLUTE
    kernel\Thread\K_Thread.c                 0x00000000   Number         0  k_thread.o ABSOLUTE
    kernel\Thread\Mutex.c                    0x00000000   Number         0  mutex.o ABSOLUTE
    kernel\Thread\Semaphore.c                0x00000000   Number         0  semaphore.o ABSOLUTE
    kernel\Thread\Time.c                     0x00000000   Number         0  time.o ABSOLUTE
    kernel\main.c                            0x00000000   Number         0  main.o ABSOLUTE
    RESET                                    0x08000000   Section      304  startup_stm32f10x_hd.o(RESET)
    !!!main                                  0x08000130   Section        8  __main.o(!!!main)
    !!!scatter                               0x08000138   Section       52  __scatter.o(!!!scatter)
    !!handler_copy                           0x0800016c   Section       26  __scatter_copy.o(!!handler_copy)
    !!handler_zi                             0x08000188   Section       28  __scatter_zi.o(!!handler_zi)
    .ARM.Collect$$libinit$$00000000          0x080001a4   Section        2  libinit.o(.ARM.Collect$$libinit$$00000000)
    .ARM.Collect$$libinit$$00000002          0x080001a6   Section        0  libinit2.o(.ARM.Collect$$libinit$$00000002)
    .ARM.Collect$$libinit$$00000008          0x080001a6   Section        0  libinit2.o(.ARM.Collect$$libinit$$00000008)
    .ARM.Collect$$libinit$$0000000A          0x080001a6   Section        0  libinit2.o(.ARM.Collect$$libinit$$0000000A)
    .ARM.Collect$$libinit$$0000000C          0x080001a6   Section        0  libinit2.o(.ARM.Collect$$libinit$$0000000C)
    .ARM.Collect$$libinit$$0000000F          0x080001a6   Section        0  libinit2.o(.ARM.Collect$$libinit$$0000000F)
    .ARM.Collect$$libinit$$00000011          0x080001a6   Section        0  libinit2.o(.ARM.Collect$$libinit$$00000011)
    .ARM.Collect$$libinit$$00000013          0x080001a6   Section        0  libinit2.o(.ARM.Collect$$libinit$$00000013)
    .ARM.Collect$$libinit$$00000015          0x080001a6   Section        0  libinit2.o(.ARM.Collect$$libinit$$00000015)
    .ARM.Collect$$libinit$$00000017          0x080001a6   Section        0  libinit2.o(.ARM.Collect$$libinit$$00000017)
    .ARM.Collect$$libinit$$00000019          0x080001a6   Section        0  libinit2.o(.ARM.Collect$$libinit$$00000019)
    .ARM.Collect$$libinit$$0000001B          0x080001a6   Section        0  libinit2.o(.ARM.Collect$$libinit$$0000001B)
    .ARM.Collect$$libinit$$0000001D          0x080001a6   Section        0  libinit2.o(.ARM.Collect$$libinit$$0000001D)
    .ARM.Collect$$libinit$$0000001F          0x080001a6   Section        0  libinit2.o(.ARM.Collect$$libinit$$0000001F)
    .ARM.Collect$$libinit$$00000021          0x080001a6   Section        0  libinit2.o(.ARM.Collect$$libinit$$00000021)
    .ARM.Collect$$libinit$$00000023          0x080001a6   Section        0  libinit2.o(.ARM.Collect$$libinit$$00000023)
    .ARM.Collect$$libinit$$0000002A          0x080001a6   Section        0  libinit2.o(.ARM.Collect$$libinit$$0000002A)
    .ARM.Collect$$libinit$$0000002C          0x080001a6   Section        0  libinit2.o(.ARM.Collect$$libinit$$0000002C)
    .ARM.Collect$$libinit$$0000002E          0x080001a6   Section        0  libinit2.o(.ARM.Collect$$libinit$$0000002E)
    .ARM.Collect$$libinit$$00000030          0x080001a6   Section        0  libinit2.o(.ARM.Collect$$libinit$$00000030)
    .ARM.Collect$$libinit$$00000031          0x080001a6   Section        2  libinit2.o(.ARM.Collect$$libinit$$00000031)
    .ARM.Collect$$libshutdown$$00000000      0x080001a8   Section        2  libshutdown.o(.ARM.Collect$$libshutdown$$00000000)
    .ARM.Collect$$libshutdown$$00000003      0x080001aa   Section        0  libshutdown2.o(.ARM.Collect$$libshutdown$$00000003)
    .ARM.Collect$$libshutdown$$00000006      0x080001aa   Section        0  libshutdown2.o(.ARM.Collect$$libshutdown$$00000006)
    .ARM.Collect$$libshutdown$$00000009      0x080001aa   Section        0  libshutdown2.o(.ARM.Collect$$libshutdown$$00000009)
    .ARM.Collect$$libshutdown$$0000000B      0x080001aa   Section        0  libshutdown2.o(.ARM.Collect$$libshutdown$$0000000B)
    .ARM.Collect$$libshutdown$$0000000E      0x080001aa   Section        0  libshutdown2.o(.ARM.Collect$$libshutdown$$0000000E)
    .ARM.Collect$$libshutdown$$0000000F      0x080001aa   Section        2  libshutdown2.o(.ARM.Collect$$libshutdown$$0000000F)
    .ARM.Collect$$rtentry$$00000000          0x080001ac   Section        0  rtentry.o(.ARM.Collect$$rtentry$$00000000)
    .ARM.Collect$$rtentry$$00000002          0x080001ac   Section        0  rtentry2.o(.ARM.Collect$$rtentry$$00000002)
    .ARM.Collect$$rtentry$$00000004          0x080001ac   Section        6  rtentry4.o(.ARM.Collect$$rtentry$$00000004)
    .ARM.Collect$$rtentry$$00000009          0x080001b2   Section        0  rtentry2.o(.ARM.Collect$$rtentry$$00000009)
    .ARM.Collect$$rtentry$$0000000A          0x080001b2   Section        4  rtentry2.o(.ARM.Collect$$rtentry$$0000000A)
    .ARM.Collect$$rtentry$$0000000C          0x080001b6   Section        0  rtentry2.o(.ARM.Collect$$rtentry$$0000000C)
    .ARM.Collect$$rtentry$$0000000D          0x080001b6   Section        8  rtentry2.o(.ARM.Collect$$rtentry$$0000000D)
    .ARM.Collect$$rtexit$$00000000           0x080001be   Section        2  rtexit.o(.ARM.Collect$$rtexit$$00000000)
    .ARM.Collect$$rtexit$$00000002           0x080001c0   Section        0  rtexit2.o(.ARM.Collect$$rtexit$$00000002)
    .ARM.Collect$$rtexit$$00000003           0x080001c0   Section        4  rtexit2.o(.ARM.Collect$$rtexit$$00000003)
    .ARM.Collect$$rtexit$$00000004           0x080001c4   Section        6  rtexit2.o(.ARM.Collect$$rtexit$$00000004)
    .text                                    0x080001cc   Section      164  os_cpu_a.o(.text)
    .text                                    0x08000270   Section       64  startup_stm32f10x_hd.o(.text)
    .text                                    0x080002b0   Section        0  stm32f10x_it.o(.text)
    .text                                    0x080002c8   Section        0  system_stm32f10x.o(.text)
    SetSysClockTo72                          0x080002c9   Thumb Code   212  system_stm32f10x.o(.text)
    SetSysClock                              0x0800039d   Thumb Code     8  system_stm32f10x.o(.text)
    .text                                    0x080004a4   Section        0  k_core.o(.text)
    .text                                    0x08000654   Section        0  k_malloc.o(.text)
    .text                                    0x08000698   Section        0  k_tds_operate.o(.text)
    .text                                    0x080007f8   Section        0  k_thread.o(.text)
    .text                                    0x08000d20   Section        0  time.o(.text)
    .text                                    0x08000d78   Section        0  k_cpu_core.o(.text)
    .text                                    0x08000e14   Section        0  malloc.o(.text)
    .text                                    0x08001044   Section        0  sram.o(.text)
    .text                                    0x0800115c   Section        0  delay.o(.text)
    .text                                    0x0800126c   Section        0  sys.o(.text)
    .text                                    0x08001278   Section        0  start.o(.text)
    IntStaticData                            0x080012f5   Thumb Code    34  start.o(.text)
    CreateInitThread                         0x08001317   Thumb Code    58  start.o(.text)
    .text                                    0x080013bc   Section        0  main.o(.text)
    .text                                    0x080013cc   Section        0  misc.o(.text)
    .text                                    0x080014a8   Section        0  stm32f10x_fsmc.o(.text)
    .text                                    0x08001ac0   Section        0  stm32f10x_gpio.o(.text)
    .text                                    0x08001e18   Section        0  stm32f10x_rcc.o(.text)
    .text                                    0x080021bc   Section        0  stm32f10x_usart.o(.text)
    .text                                    0x080025c4   Section        0  led.o(.text)
    .text                                    0x08002610   Section        0  usart.o(.text)
    .text                                    0x08002758   Section        2  use_no_semi_2.o(.text)
    .text                                    0x0800275a   Section        0  heapauxi.o(.text)
    .text                                    0x08002760   Section        2  use_no_semi.o(.text)
    .text                                    0x08002762   Section       74  sys_stackheap_outer.o(.text)
    .text                                    0x080027ac   Section        0  exit.o(.text)
    .text                                    0x080027b8   Section        8  libspace.o(.text)
    .constdata                               0x080027c0   Section       24  malloc.o(.constdata)
    .data                                    0x20000000   Section       20  system_stm32f10x.o(.data)
    .data                                    0x20000014   Section       52  swiftos.o(.data)
    .data                                    0x20000048   Section       28  malloc.o(.data)
    .data                                    0x20000064   Section        4  delay.o(.data)
    fac_us                                   0x20000064   Data           1  delay.o(.data)
    fac_ms                                   0x20000066   Data           2  delay.o(.data)
    .data                                    0x20000068   Section       20  stm32f10x_rcc.o(.data)
    APBAHBPrescTable                         0x20000068   Data          16  stm32f10x_rcc.o(.data)
    ADCPrescTable                            0x20000078   Data           4  stm32f10x_rcc.o(.data)
    .data                                    0x2000007c   Section        8  usart.o(.data)
    .bss                                     0x20000084   Section       64  swiftos.o(.bss)
    .bss                                     0x200000c4   Section      292  k_thread.o(.bss)
    OSThreadPool                             0x200000c4   Data         292  k_thread.o(.bss)
    .bss                                     0x200001e8   Section    43520  malloc.o(.bss)
    .bss                                     0x2000abe8   Section     1536  start.o(.bss)
    .bss                                     0x2000b1e8   Section      200  usart.o(.bss)
    .bss                                     0x2000b2b0   Section       96  libspace.o(.bss)
    HEAP                                     0x2000b310   Section      512  startup_stm32f10x_hd.o(HEAP)
    Heap_Mem                                 0x2000b310   Data         512  startup_stm32f10x_hd.o(HEAP)
    STACK                                    0x2000b510   Section     2048  startup_stm32f10x_hd.o(STACK)
    Stack_Mem                                0x2000b510   Data        2048  startup_stm32f10x_hd.o(STACK)
    __initial_sp                             0x2000bd10   Data           0  startup_stm32f10x_hd.o(STACK)
    .ARM.__AT_0x68000000                     0x68000000   Section    196608  malloc.o(.ARM.__AT_0x68000000)
    .ARM.__AT_0x68030000                     0x68030000   Section    12288  malloc.o(.ARM.__AT_0x68030000)

    Global Symbols

    Symbol Name                              Value     Ov Type        Size  Object(Section)

    BuildAttributes$$THM_ISAv4$P$D$K$B$S$PE$A:L22UL41UL21$X:L11$S22US41US21$IEEE1$IW$USESV6$~STKCKD$USESV7$~SHL$OSPACE$ROPI$EBA8$UX$STANDARDLIB$REQ8$PRES8$EABIv2 0x00000000   Number         0  anon$$obj.o ABSOLUTE
    __ARM_use_no_argv                        0x00000000   Number         0  main.o ABSOLUTE
    __ARM_exceptions_init                     - Undefined Weak Reference
    __alloca_initialize                       - Undefined Weak Reference
    __cpp_initialize__aeabi_                  - Undefined Weak Reference
    __cxa_finalize                            - Undefined Weak Reference
    __rt_locale                               - Undefined Weak Reference
    __sigvec_lookup                           - Undefined Weak Reference
    _atexit_init                              - Undefined Weak Reference
    _call_atexit_fns                          - Undefined Weak Reference
    _clock_init                               - Undefined Weak Reference
    _fp_trap_init                             - Undefined Weak Reference
    _fp_trap_shutdown                         - Undefined Weak Reference
    _get_lc_collate                           - Undefined Weak Reference
    _get_lc_ctype                             - Undefined Weak Reference
    _get_lc_monetary                          - Undefined Weak Reference
    _get_lc_numeric                           - Undefined Weak Reference
    _get_lc_time                              - Undefined Weak Reference
    _getenv_init                              - Undefined Weak Reference
    _handle_redirection                       - Undefined Weak Reference
    _init_alloc                               - Undefined Weak Reference
    _init_user_alloc                          - Undefined Weak Reference
    _initio                                   - Undefined Weak Reference
    _rand_init                                - Undefined Weak Reference
    _signal_finish                            - Undefined Weak Reference
    _signal_init                              - Undefined Weak Reference
    _terminate_alloc                          - Undefined Weak Reference
    _terminate_user_alloc                     - Undefined Weak Reference
    _terminateio                              - Undefined Weak Reference
    __Vectors_Size                           0x00000130   Number         0  startup_stm32f10x_hd.o ABSOLUTE
    __Vectors                                0x08000000   Data           4  startup_stm32f10x_hd.o(RESET)
    __Vectors_End                            0x08000130   Data           0  startup_stm32f10x_hd.o(RESET)
    __main                                   0x08000131   Thumb Code     8  __main.o(!!!main)
    __scatterload                            0x08000139   Thumb Code     0  __scatter.o(!!!scatter)
    __scatterload_rt2                        0x08000139   Thumb Code    44  __scatter.o(!!!scatter)
    __scatterload_rt2_thumb_only             0x08000139   Thumb Code     0  __scatter.o(!!!scatter)
    __scatterload_null                       0x08000147   Thumb Code     0  __scatter.o(!!!scatter)
    __scatterload_copy                       0x0800016d   Thumb Code    26  __scatter_copy.o(!!handler_copy)
    __scatterload_zeroinit                   0x08000189   Thumb Code    28  __scatter_zi.o(!!handler_zi)
    __rt_lib_init                            0x080001a5   Thumb Code     0  libinit.o(.ARM.Collect$$libinit$$00000000)
    __rt_lib_init_alloca_1                   0x080001a7   Thumb Code     0  libinit2.o(.ARM.Collect$$libinit$$0000002C)
    __rt_lib_init_argv_1                     0x080001a7   Thumb Code     0  libinit2.o(.ARM.Collect$$libinit$$0000002A)
    __rt_lib_init_atexit_1                   0x080001a7   Thumb Code     0  libinit2.o(.ARM.Collect$$libinit$$00000019)
    __rt_lib_init_clock_1                    0x080001a7   Thumb Code     0  libinit2.o(.ARM.Collect$$libinit$$0000001F)
    __rt_lib_init_cpp_1                      0x080001a7   Thumb Code     0  libinit2.o(.ARM.Collect$$libinit$$00000030)
    __rt_lib_init_exceptions_1               0x080001a7   Thumb Code     0  libinit2.o(.ARM.Collect$$libinit$$0000002E)
    __rt_lib_init_fp_1                       0x080001a7   Thumb Code     0  libinit2.o(.ARM.Collect$$libinit$$00000002)
    __rt_lib_init_fp_trap_1                  0x080001a7   Thumb Code     0  libinit2.o(.ARM.Collect$$libinit$$0000001D)
    __rt_lib_init_getenv_1                   0x080001a7   Thumb Code     0  libinit2.o(.ARM.Collect$$libinit$$00000021)
    __rt_lib_init_heap_1                     0x080001a7   Thumb Code     0  libinit2.o(.ARM.Collect$$libinit$$00000008)
    __rt_lib_init_lc_collate_1               0x080001a7   Thumb Code     0  libinit2.o(.ARM.Collect$$libinit$$0000000F)
    __rt_lib_init_lc_ctype_1                 0x080001a7   Thumb Code     0  libinit2.o(.ARM.Collect$$libinit$$00000011)
    __rt_lib_init_lc_monetary_1              0x080001a7   Thumb Code     0  libinit2.o(.ARM.Collect$$libinit$$00000013)
    __rt_lib_init_lc_numeric_1               0x080001a7   Thumb Code     0  libinit2.o(.ARM.Collect$$libinit$$00000015)
    __rt_lib_init_lc_time_1                  0x080001a7   Thumb Code     0  libinit2.o(.ARM.Collect$$libinit$$00000017)
    __rt_lib_init_rand_1                     0x080001a7   Thumb Code     0  libinit2.o(.ARM.Collect$$libinit$$0000000C)
    __rt_lib_init_return                     0x080001a7   Thumb Code     0  libinit2.o(.ARM.Collect$$libinit$$00000031)
    __rt_lib_init_signal_1                   0x080001a7   Thumb Code     0  libinit2.o(.ARM.Collect$$libinit$$0000001B)
    __rt_lib_init_stdio_1                    0x080001a7   Thumb Code     0  libinit2.o(.ARM.Collect$$libinit$$00000023)
    __rt_lib_init_user_alloc_1               0x080001a7   Thumb Code     0  libinit2.o(.ARM.Collect$$libinit$$0000000A)
    __rt_lib_shutdown                        0x080001a9   Thumb Code     0  libshutdown.o(.ARM.Collect$$libshutdown$$00000000)
    __rt_lib_shutdown_fp_trap_1              0x080001ab   Thumb Code     0  libshutdown2.o(.ARM.Collect$$libshutdown$$00000006)
    __rt_lib_shutdown_heap_1                 0x080001ab   Thumb Code     0  libshutdown2.o(.ARM.Collect$$libshutdown$$0000000E)
    __rt_lib_shutdown_return                 0x080001ab   Thumb Code     0  libshutdown2.o(.ARM.Collect$$libshutdown$$0000000F)
    __rt_lib_shutdown_signal_1               0x080001ab   Thumb Code     0  libshutdown2.o(.ARM.Collect$$libshutdown$$00000009)
    __rt_lib_shutdown_stdio_1                0x080001ab   Thumb Code     0  libshutdown2.o(.ARM.Collect$$libshutdown$$00000003)
    __rt_lib_shutdown_user_alloc_1           0x080001ab   Thumb Code     0  libshutdown2.o(.ARM.Collect$$libshutdown$$0000000B)
    __rt_entry                               0x080001ad   Thumb Code     0  rtentry.o(.ARM.Collect$$rtentry$$00000000)
    __rt_entry_presh_1                       0x080001ad   Thumb Code     0  rtentry2.o(.ARM.Collect$$rtentry$$00000002)
    __rt_entry_sh                            0x080001ad   Thumb Code     0  rtentry4.o(.ARM.Collect$$rtentry$$00000004)
    __rt_entry_li                            0x080001b3   Thumb Code     0  rtentry2.o(.ARM.Collect$$rtentry$$0000000A)
    __rt_entry_postsh_1                      0x080001b3   Thumb Code     0  rtentry2.o(.ARM.Collect$$rtentry$$00000009)
    __rt_entry_main                          0x080001b7   Thumb Code     0  rtentry2.o(.ARM.Collect$$rtentry$$0000000D)
    __rt_entry_postli_1                      0x080001b7   Thumb Code     0  rtentry2.o(.ARM.Collect$$rtentry$$0000000C)
    __rt_exit                                0x080001bf   Thumb Code     0  rtexit.o(.ARM.Collect$$rtexit$$00000000)
    __rt_exit_ls                             0x080001c1   Thumb Code     0  rtexit2.o(.ARM.Collect$$rtexit$$00000003)
    __rt_exit_prels_1                        0x080001c1   Thumb Code     0  rtexit2.o(.ARM.Collect$$rtexit$$00000002)
    __rt_exit_exit                           0x080001c5   Thumb Code     0  rtexit2.o(.ARM.Collect$$rtexit$$00000004)
    OS_CPU_SR_Save                           0x080001cd   Thumb Code     0  os_cpu_a.o(.text)
    OS_CPU_SR_Restore                        0x080001d5   Thumb Code     0  os_cpu_a.o(.text)
    OSStartHighRdy                           0x080001db   Thumb Code     0  os_cpu_a.o(.text)
    OSCtxSw                                  0x080001fd   Thumb Code     0  os_cpu_a.o(.text)
    OSIntCtxSw                               0x0800020b   Thumb Code     0  os_cpu_a.o(.text)
    PendSV_Handler                           0x0800021b   Thumb Code     0  os_cpu_a.o(.text)
    Reset_Handler                            0x08000271   Thumb Code     8  startup_stm32f10x_hd.o(.text)
    ADC1_2_IRQHandler                        0x0800028b   Thumb Code     0  startup_stm32f10x_hd.o(.text)
    ADC3_IRQHandler                          0x0800028b   Thumb Code     0  startup_stm32f10x_hd.o(.text)
    CAN1_RX1_IRQHandler                      0x0800028b   Thumb Code     0  startup_stm32f10x_hd.o(.text)
    CAN1_SCE_IRQHandler                      0x0800028b   Thumb Code     0  startup_stm32f10x_hd.o(.text)
    DMA1_Channel1_IRQHandler                 0x0800028b   Thumb Code     0  startup_stm32f10x_hd.o(.text)
    DMA1_Channel2_IRQHandler                 0x0800028b   Thumb Code     0  startup_stm32f10x_hd.o(.text)
    DMA1_Channel3_IRQHandler                 0x0800028b   Thumb Code     0  startup_stm32f10x_hd.o(.text)
    DMA1_Channel4_IRQHandler                 0x0800028b   Thumb Code     0  startup_stm32f10x_hd.o(.text)
    DMA1_Channel5_IRQHandler                 0x0800028b   Thumb Code     0  startup_stm32f10x_hd.o(.text)
    DMA1_Channel6_IRQHandler                 0x0800028b   Thumb Code     0  startup_stm32f10x_hd.o(.text)
    DMA1_Channel7_IRQHandler                 0x0800028b   Thumb Code     0  startup_stm32f10x_hd.o(.text)
    DMA2_Channel1_IRQHandler                 0x0800028b   Thumb Code     0  startup_stm32f10x_hd.o(.text)
    DMA2_Channel2_IRQHandler                 0x0800028b   Thumb Code     0  startup_stm32f10x_hd.o(.text)
    DMA2_Channel3_IRQHandler                 0x0800028b   Thumb Code     0  startup_stm32f10x_hd.o(.text)
    DMA2_Channel4_5_IRQHandler               0x0800028b   Thumb Code     0  startup_stm32f10x_hd.o(.text)
    EXTI0_IRQHandler                         0x0800028b   Thumb Code     0  startup_stm32f10x_hd.o(.text)
    EXTI15_10_IRQHandler                     0x0800028b   Thumb Code     0  startup_stm32f10x_hd.o(.text)
    EXTI1_IRQHandler                         0x0800028b   Thumb Code     0  startup_stm32f10x_hd.o(.text)
    EXTI2_IRQHandler                         0x0800028b   Thumb Code     0  startup_stm32f10x_hd.o(.text)
    EXTI3_IRQHandler                         0x0800028b   Thumb Code     0  startup_stm32f10x_hd.o(.text)
    EXTI4_IRQHandler                         0x0800028b   Thumb Code     0  startup_stm32f10x_hd.o(.text)
    EXTI9_5_IRQHandler                       0x0800028b   Thumb Code     0  startup_stm32f10x_hd.o(.text)
    FLASH_IRQHandler                         0x0800028b   Thumb Code     0  startup_stm32f10x_hd.o(.text)
    FSMC_IRQHandler                          0x0800028b   Thumb Code     0  startup_stm32f10x_hd.o(.text)
    I2C1_ER_IRQHandler                       0x0800028b   Thumb Code     0  startup_stm32f10x_hd.o(.text)
    I2C1_EV_IRQHandler                       0x0800028b   Thumb Code     0  startup_stm32f10x_hd.o(.text)
    I2C2_ER_IRQHandler                       0x0800028b   Thumb Code     0  startup_stm32f10x_hd.o(.text)
    I2C2_EV_IRQHandler                       0x0800028b   Thumb Code     0  startup_stm32f10x_hd.o(.text)
    PVD_IRQHandler                           0x0800028b   Thumb Code     0  startup_stm32f10x_hd.o(.text)
    RCC_IRQHandler                           0x0800028b   Thumb Code     0  startup_stm32f10x_hd.o(.text)
    RTCAlarm_IRQHandler                      0x0800028b   Thumb Code     0  startup_stm32f10x_hd.o(.text)
    RTC_IRQHandler                           0x0800028b   Thumb Code     0  startup_stm32f10x_hd.o(.text)
    SDIO_IRQHandler                          0x0800028b   Thumb Code     0  startup_stm32f10x_hd.o(.text)
    SPI1_IRQHandler                          0x0800028b   Thumb Code     0  startup_stm32f10x_hd.o(.text)
    SPI2_IRQHandler                          0x0800028b   Thumb Code     0  startup_stm32f10x_hd.o(.text)
    SPI3_IRQHandler                          0x0800028b   Thumb Code     0  startup_stm32f10x_hd.o(.text)
    TAMPER_IRQHandler                        0x0800028b   Thumb Code     0  startup_stm32f10x_hd.o(.text)
    TIM1_BRK_IRQHandler                      0x0800028b   Thumb Code     0  startup_stm32f10x_hd.o(.text)
    TIM1_CC_IRQHandler                       0x0800028b   Thumb Code     0  startup_stm32f10x_hd.o(.text)
    TIM1_TRG_COM_IRQHandler                  0x0800028b   Thumb Code     0  startup_stm32f10x_hd.o(.text)
    TIM1_UP_IRQHandler                       0x0800028b   Thumb Code     0  startup_stm32f10x_hd.o(.text)
    TIM2_IRQHandler                          0x0800028b   Thumb Code     0  startup_stm32f10x_hd.o(.text)
    TIM3_IRQHandler                          0x0800028b   Thumb Code     0  startup_stm32f10x_hd.o(.text)
    TIM4_IRQHandler                          0x0800028b   Thumb Code     0  startup_stm32f10x_hd.o(.text)
    TIM5_IRQHandler                          0x0800028b   Thumb Code     0  startup_stm32f10x_hd.o(.text)
    TIM6_IRQHandler                          0x0800028b   Thumb Code     0  startup_stm32f10x_hd.o(.text)
    TIM7_IRQHandler                          0x0800028b   Thumb Code     0  startup_stm32f10x_hd.o(.text)
    TIM8_BRK_IRQHandler                      0x0800028b   Thumb Code     0  startup_stm32f10x_hd.o(.text)
    TIM8_CC_IRQHandler                       0x0800028b   Thumb Code     0  startup_stm32f10x_hd.o(.text)
    TIM8_TRG_COM_IRQHandler                  0x0800028b   Thumb Code     0  startup_stm32f10x_hd.o(.text)
    TIM8_UP_IRQHandler                       0x0800028b   Thumb Code     0  startup_stm32f10x_hd.o(.text)
    UART4_IRQHandler                         0x0800028b   Thumb Code     0  startup_stm32f10x_hd.o(.text)
    UART5_IRQHandler                         0x0800028b   Thumb Code     0  startup_stm32f10x_hd.o(.text)
    USART2_IRQHandler                        0x0800028b   Thumb Code     0  startup_stm32f10x_hd.o(.text)
    USART3_IRQHandler                        0x0800028b   Thumb Code     0  startup_stm32f10x_hd.o(.text)
    USBWakeUp_IRQHandler                     0x0800028b   Thumb Code     0  startup_stm32f10x_hd.o(.text)
    USB_HP_CAN1_TX_IRQHandler                0x0800028b   Thumb Code     0  startup_stm32f10x_hd.o(.text)
    USB_LP_CAN1_RX0_IRQHandler               0x0800028b   Thumb Code     0  startup_stm32f10x_hd.o(.text)
    WWDG_IRQHandler                          0x0800028b   Thumb Code     0  startup_stm32f10x_hd.o(.text)
    __user_initial_stackheap                 0x0800028d   Thumb Code     0  startup_stm32f10x_hd.o(.text)
    NMI_Handler                              0x080002b1   Thumb Code     2  stm32f10x_it.o(.text)
    HardFault_Handler                        0x080002b3   Thumb Code     4  stm32f10x_it.o(.text)
    MemManage_Handler                        0x080002b7   Thumb Code     4  stm32f10x_it.o(.text)
    BusFault_Handler                         0x080002bb   Thumb Code     4  stm32f10x_it.o(.text)
    UsageFault_Handler                       0x080002bf   Thumb Code     4  stm32f10x_it.o(.text)
    SVC_Handler                              0x080002c3   Thumb Code     2  stm32f10x_it.o(.text)
    DebugMon_Handler                         0x080002c5   Thumb Code     2  stm32f10x_it.o(.text)
    SystemInit                               0x080003a5   Thumb Code    78  system_stm32f10x.o(.text)
    SystemCoreClockUpdate                    0x080003f3   Thumb Code   142  system_stm32f10x.o(.text)
    OS_TimeTick                              0x080004a5   Thumb Code   214  k_core.o(.text)
    OSEnterInt                               0x0800057b   Thumb Code    28  k_core.o(.text)
    OSExtInt                                 0x08000597   Thumb Code    76  k_core.o(.text)
    OSTDS_Sched                              0x080005e3   Thumb Code    68  k_core.o(.text)
    Kmalloc                                  0x08000655   Thumb Code    14  k_malloc.o(.text)
    Krealloc                                 0x08000663   Thumb Code    18  k_malloc.o(.text)
    Kfree                                    0x08000675   Thumb Code    14  k_malloc.o(.text)
    KMemInt                                  0x08000683   Thumb Code    10  k_malloc.o(.text)
    KMemUsed                                 0x0800068d   Thumb Code    10  k_malloc.o(.text)
    TDS_Insert                               0x08000699   Thumb Code    50  k_tds_operate.o(.text)
    TDS_Delete                               0x080006cb   Thumb Code    40  k_tds_operate.o(.text)
    TDS_ChangeTab                            0x080006f3   Thumb Code    46  k_tds_operate.o(.text)
    TDS_Update_prio                          0x08000721   Thumb Code    56  k_tds_operate.o(.text)
    TDS_InsertFifo                           0x08000759   Thumb Code    68  k_tds_operate.o(.text)
    TDS_DeleteFifo                           0x0800079d   Thumb Code    74  k_tds_operate.o(.text)
    OSThreadPool_Pop                         0x080007f9   Thumb Code    32  k_thread.o(.text)
    OSTDSInt                                 0x08000819   Thumb Code   104  k_thread.o(.text)
    OSThreadAllocId                          0x08000881   Thumb Code   214  k_thread.o(.text)
    OSThreadCreate                           0x08000957   Thumb Code   146  k_thread.o(.text)
    OSGetTargetSwThread                      0x080009e9   Thumb Code    96  k_thread.o(.text)
    OSThreadPool_Push                        0x08000a49   Thumb Code    38  k_thread.o(.text)
    OSThreadPoolInit                         0x08000a6f   Thumb Code    58  k_thread.o(.text)
    ScanTb                                   0x08000aa9   Thumb Code    62  k_thread.o(.text)
    OSGgtTDSbyId                             0x08000ae7   Thumb Code    74  k_thread.o(.text)
    OSTDSDel                                 0x08000b31   Thumb Code     4  k_thread.o(.text)
    KillThread                               0x08000b35   Thumb Code   224  k_thread.o(.text)
    OS_ThreadBlock                           0x08000c15   Thumb Code    18  k_thread.o(.text)
    OS_Thread_Pend                           0x08000c27   Thumb Code    54  k_thread.o(.text)
    OS_Thread_Resume                         0x08000c5d   Thumb Code    32  k_thread.o(.text)
    OS_ThreadChangePrio                      0x08000c7d   Thumb Code     4  k_thread.o(.text)
    OSIDLETDSInt                             0x08000c81   Thumb Code   118  k_thread.o(.text)
    OSThreadSwtHook                          0x08000cf7   Thumb Code    12  k_thread.o(.text)
    OSTimeDly                                0x08000d21   Thumb Code    72  time.o(.text)
    ThreadSTKInt                             0x08000d79   Thumb Code   154  k_cpu_core.o(.text)
    mymemcpy                                 0x08000e15   Thumb Code    26  malloc.o(.text)
    mymemset                                 0x08000e2f   Thumb Code    20  malloc.o(.text)
    mem_init                                 0x08000e43   Thumb Code    54  malloc.o(.text)
    mem_perused                              0x08000e79   Thumb Code    54  malloc.o(.text)
    mem_malloc                               0x08000eaf   Thumb Code   162  malloc.o(.text)
    mem_free                                 0x08000f51   Thumb Code    94  malloc.o(.text)
    myfree                                   0x08000faf   Thumb Code    32  malloc.o(.text)
    mymalloc                                 0x08000fcf   Thumb Code    34  malloc.o(.text)
    myrealloc                                0x08000ff1   Thumb Code    66  malloc.o(.text)
    FSMC_SRAM_Init                           0x08001045   Thumb Code   182  sram.o(.text)
    FSMC_SRAM_WriteBuffer                    0x080010fb   Thumb Code    24  sram.o(.text)
    FSMC_SRAM_ReadBuffer                     0x08001113   Thumb Code    22  sram.o(.text)
    fsmc_sram_test_write                     0x08001129   Thumb Code    16  sram.o(.text)
    fsmc_sram_test_read                      0x08001139   Thumb Code    20  sram.o(.text)
    SysTick_Handler                          0x0800115d   Thumb Code    16  delay.o(.text)
    delay_init                               0x0800116d   Thumb Code    76  delay.o(.text)
    delay_us                                 0x080011b9   Thumb Code    70  delay.o(.text)
    delay_ms                                 0x080011ff   Thumb Code    84  delay.o(.text)
    NVIC_Configuration                       0x0800126d   Thumb Code    12  sys.o(.text)
    FIRST_TASK                               0x08001279   Thumb Code    40  start.o(.text)
    SC_TASK                                  0x080012a1   Thumb Code    38  start.o(.text)
    OS_IDLE                                  0x080012c7   Thumb Code    46  start.o(.text)
    OS_COREHWInt                             0x08001351   Thumb Code    42  start.o(.text)
    OSInt                                    0x0800137b   Thumb Code    20  start.o(.text)
    main                                     0x080013bd   Thumb Code    14  main.o(.text)
    NVIC_PriorityGroupConfig                 0x080013cd   Thumb Code    10  misc.o(.text)
    NVIC_Init                                0x080013d7   Thumb Code   102  misc.o(.text)
    NVIC_SetVectorTable                      0x0800143d   Thumb Code    14  misc.o(.text)
    NVIC_SystemLPConfig                      0x0800144b   Thumb Code    34  misc.o(.text)
    SysTick_CLKSourceConfig                  0x0800146d   Thumb Code    40  misc.o(.text)
    FSMC_NORSRAMDeInit                       0x080014a9   Thumb Code    56  stm32f10x_fsmc.o(.text)
    FSMC_NANDDeInit                          0x080014e1   Thumb Code    62  stm32f10x_fsmc.o(.text)
    FSMC_PCCARDDeInit                        0x0800151f   Thumb Code    40  stm32f10x_fsmc.o(.text)
    FSMC_NORSRAMInit                         0x08001547   Thumb Code   224  stm32f10x_fsmc.o(.text)
    FSMC_NANDInit                            0x08001627   Thumb Code   130  stm32f10x_fsmc.o(.text)
    FSMC_PCCARDInit                          0x080016a9   Thumb Code   124  stm32f10x_fsmc.o(.text)
    FSMC_NORSRAMStructInit                   0x08001725   Thumb Code   114  stm32f10x_fsmc.o(.text)
    FSMC_NANDStructInit                      0x08001797   Thumb Code    54  stm32f10x_fsmc.o(.text)
    FSMC_PCCARDStructInit                    0x080017cd   Thumb Code    60  stm32f10x_fsmc.o(.text)
    FSMC_NORSRAMCmd                          0x08001809   Thumb Code    46  stm32f10x_fsmc.o(.text)
    FSMC_NANDCmd                             0x08001837   Thumb Code    86  stm32f10x_fsmc.o(.text)
    FSMC_PCCARDCmd                           0x0800188d   Thumb Code    40  stm32f10x_fsmc.o(.text)
    FSMC_NANDECCCmd                          0x080018b5   Thumb Code   118  stm32f10x_fsmc.o(.text)
    FSMC_GetECC                              0x0800192b   Thumb Code    22  stm32f10x_fsmc.o(.text)
    FSMC_ITConfig                            0x08001941   Thumb Code   128  stm32f10x_fsmc.o(.text)
    FSMC_GetFlagStatus                       0x080019c1   Thumb Code    48  stm32f10x_fsmc.o(.text)
    FSMC_ClearFlag                           0x080019f1   Thumb Code    62  stm32f10x_fsmc.o(.text)
    FSMC_GetITStatus                         0x08001a2f   Thumb Code    60  stm32f10x_fsmc.o(.text)
    FSMC_ClearITPendingBit                   0x08001a6b   Thumb Code    64  stm32f10x_fsmc.o(.text)
    GPIO_DeInit                              0x08001ac1   Thumb Code   172  stm32f10x_gpio.o(.text)
    GPIO_AFIODeInit                          0x08001b6d   Thumb Code    20  stm32f10x_gpio.o(.text)
    GPIO_Init                                0x08001b81   Thumb Code   274  stm32f10x_gpio.o(.text)
    GPIO_StructInit                          0x08001c93   Thumb Code    16  stm32f10x_gpio.o(.text)
    GPIO_ReadInputDataBit                    0x08001ca3   Thumb Code    18  stm32f10x_gpio.o(.text)
    GPIO_ReadInputData                       0x08001cb5   Thumb Code     8  stm32f10x_gpio.o(.text)
    GPIO_ReadOutputDataBit                   0x08001cbd   Thumb Code    18  stm32f10x_gpio.o(.text)
    GPIO_ReadOutputData                      0x08001ccf   Thumb Code     8  stm32f10x_gpio.o(.text)
    GPIO_SetBits                             0x08001cd7   Thumb Code     4  stm32f10x_gpio.o(.text)
    GPIO_ResetBits                           0x08001cdb   Thumb Code     4  stm32f10x_gpio.o(.text)
    GPIO_WriteBit                            0x08001cdf   Thumb Code    10  stm32f10x_gpio.o(.text)
    GPIO_Write                               0x08001ce9   Thumb Code     4  stm32f10x_gpio.o(.text)
    GPIO_PinLockConfig                       0x08001ced   Thumb Code    18  stm32f10x_gpio.o(.text)
    GPIO_EventOutputConfig                   0x08001cff   Thumb Code    26  stm32f10x_gpio.o(.text)
    GPIO_EventOutputCmd                      0x08001d19   Thumb Code     6  stm32f10x_gpio.o(.text)
    GPIO_PinRemapConfig                      0x08001d1f   Thumb Code   138  stm32f10x_gpio.o(.text)
    GPIO_EXTILineConfig                      0x08001da9   Thumb Code    66  stm32f10x_gpio.o(.text)
    GPIO_ETH_MediaInterfaceConfig            0x08001deb   Thumb Code     6  stm32f10x_gpio.o(.text)
    RCC_DeInit                               0x08001e19   Thumb Code    64  stm32f10x_rcc.o(.text)
    RCC_HSEConfig                            0x08001e59   Thumb Code    70  stm32f10x_rcc.o(.text)
    RCC_GetFlagStatus                        0x08001e9f   Thumb Code    56  stm32f10x_rcc.o(.text)
    RCC_WaitForHSEStartUp                    0x08001ed7   Thumb Code    56  stm32f10x_rcc.o(.text)
    RCC_AdjustHSICalibrationValue            0x08001f0f   Thumb Code    20  stm32f10x_rcc.o(.text)
    RCC_HSICmd                               0x08001f23   Thumb Code     6  stm32f10x_rcc.o(.text)
    RCC_PLLConfig                            0x08001f29   Thumb Code    24  stm32f10x_rcc.o(.text)
    RCC_PLLCmd                               0x08001f41   Thumb Code     6  stm32f10x_rcc.o(.text)
    RCC_SYSCLKConfig                         0x08001f47   Thumb Code    18  stm32f10x_rcc.o(.text)
    RCC_GetSYSCLKSource                      0x08001f59   Thumb Code    10  stm32f10x_rcc.o(.text)
    RCC_HCLKConfig                           0x08001f63   Thumb Code    18  stm32f10x_rcc.o(.text)
    RCC_PCLK1Config                          0x08001f75   Thumb Code    18  stm32f10x_rcc.o(.text)
    RCC_PCLK2Config                          0x08001f87   Thumb Code    20  stm32f10x_rcc.o(.text)
    RCC_ITConfig                             0x08001f9b   Thumb Code    26  stm32f10x_rcc.o(.text)
    RCC_USBCLKConfig                         0x08001fb5   Thumb Code     6  stm32f10x_rcc.o(.text)
    RCC_ADCCLKConfig                         0x08001fbb   Thumb Code    18  stm32f10x_rcc.o(.text)
    RCC_LSEConfig                            0x08001fcd   Thumb Code    44  stm32f10x_rcc.o(.text)
    RCC_LSICmd                               0x08001ff9   Thumb Code     6  stm32f10x_rcc.o(.text)
    RCC_RTCCLKConfig                         0x08001fff   Thumb Code    12  stm32f10x_rcc.o(.text)
    RCC_RTCCLKCmd                            0x0800200b   Thumb Code     8  stm32f10x_rcc.o(.text)
    RCC_GetClocksFreq                        0x08002013   Thumb Code   192  stm32f10x_rcc.o(.text)
    RCC_AHBPeriphClockCmd                    0x080020d3   Thumb Code    26  stm32f10x_rcc.o(.text)
    RCC_APB2PeriphClockCmd                   0x080020ed   Thumb Code    26  stm32f10x_rcc.o(.text)
    RCC_APB1PeriphClockCmd                   0x08002107   Thumb Code    26  stm32f10x_rcc.o(.text)
    RCC_APB2PeriphResetCmd                   0x08002121   Thumb Code    26  stm32f10x_rcc.o(.text)
    RCC_APB1PeriphResetCmd                   0x0800213b   Thumb Code    26  stm32f10x_rcc.o(.text)
    RCC_BackupResetCmd                       0x08002155   Thumb Code     8  stm32f10x_rcc.o(.text)
    RCC_ClockSecuritySystemCmd               0x0800215d   Thumb Code     6  stm32f10x_rcc.o(.text)
    RCC_MCOConfig                            0x08002163   Thumb Code     6  stm32f10x_rcc.o(.text)
    RCC_ClearFlag                            0x08002169   Thumb Code    14  stm32f10x_rcc.o(.text)
    RCC_GetITStatus                          0x08002177   Thumb Code    20  stm32f10x_rcc.o(.text)
    RCC_ClearITPendingBit                    0x0800218b   Thumb Code     6  stm32f10x_rcc.o(.text)
    USART_DeInit                             0x080021bd   Thumb Code   134  stm32f10x_usart.o(.text)
    USART_Init                               0x08002243   Thumb Code   210  stm32f10x_usart.o(.text)
    USART_StructInit                         0x08002315   Thumb Code    24  stm32f10x_usart.o(.text)
    USART_ClockInit                          0x0800232d   Thumb Code    34  stm32f10x_usart.o(.text)
    USART_ClockStructInit                    0x0800234f   Thumb Code    12  stm32f10x_usart.o(.text)
    USART_Cmd                                0x0800235b   Thumb Code    24  stm32f10x_usart.o(.text)
    USART_ITConfig                           0x08002373   Thumb Code    74  stm32f10x_usart.o(.text)
    USART_DMACmd                             0x080023bd   Thumb Code    18  stm32f10x_usart.o(.text)
    USART_SetAddress                         0x080023cf   Thumb Code    18  stm32f10x_usart.o(.text)
    USART_WakeUpConfig                       0x080023e1   Thumb Code    18  stm32f10x_usart.o(.text)
    USART_ReceiverWakeUpCmd                  0x080023f3   Thumb Code    24  stm32f10x_usart.o(.text)
    USART_LINBreakDetectLengthConfig         0x0800240b   Thumb Code    18  stm32f10x_usart.o(.text)
    USART_LINCmd                             0x0800241d   Thumb Code    24  stm32f10x_usart.o(.text)
    USART_SendData                           0x08002435   Thumb Code     8  stm32f10x_usart.o(.text)
    USART_ReceiveData                        0x0800243d   Thumb Code    10  stm32f10x_usart.o(.text)
    USART_SendBreak                          0x08002447   Thumb Code    10  stm32f10x_usart.o(.text)
    USART_SetGuardTime                       0x08002451   Thumb Code    16  stm32f10x_usart.o(.text)
    USART_SetPrescaler                       0x08002461   Thumb Code    16  stm32f10x_usart.o(.text)
    USART_SmartCardCmd                       0x08002471   Thumb Code    24  stm32f10x_usart.o(.text)
    USART_SmartCardNACKCmd                   0x08002489   Thumb Code    24  stm32f10x_usart.o(.text)
    USART_HalfDuplexCmd                      0x080024a1   Thumb Code    24  stm32f10x_usart.o(.text)
    USART_OverSampling8Cmd                   0x080024b9   Thumb Code    22  stm32f10x_usart.o(.text)
    USART_OneBitMethodCmd                    0x080024cf   Thumb Code    24  stm32f10x_usart.o(.text)
    USART_IrDAConfig                         0x080024e7   Thumb Code    18  stm32f10x_usart.o(.text)
    USART_IrDACmd                            0x080024f9   Thumb Code    24  stm32f10x_usart.o(.text)
    USART_GetFlagStatus                      0x08002511   Thumb Code    26  stm32f10x_usart.o(.text)
    USART_ClearFlag                          0x0800252b   Thumb Code    18  stm32f10x_usart.o(.text)
    USART_GetITStatus                        0x0800253d   Thumb Code    84  stm32f10x_usart.o(.text)
    USART_ClearITPendingBit                  0x08002591   Thumb Code    52  stm32f10x_usart.o(.text)
    LED_Init                                 0x080025c5   Thumb Code    68  led.o(.text)
    _sys_exit                                0x08002611   Thumb Code     6  usart.o(.text)
    fputc                                    0x08002617   Thumb Code    22  usart.o(.text)
    uart_init                                0x0800262d   Thumb Code   152  usart.o(.text)
    USART1_IRQHandler                        0x080026c5   Thumb Code   130  usart.o(.text)
    __use_no_semihosting                     0x08002759   Thumb Code     2  use_no_semi_2.o(.text)
    __use_two_region_memory                  0x0800275b   Thumb Code     2  heapauxi.o(.text)
    __rt_heap_escrow$2region                 0x0800275d   Thumb Code     2  heapauxi.o(.text)
    __rt_heap_expand$2region                 0x0800275f   Thumb Code     2  heapauxi.o(.text)
    __I$use$semihosting                      0x08002761   Thumb Code     0  use_no_semi.o(.text)
    __use_no_semihosting_swi                 0x08002761   Thumb Code     2  use_no_semi.o(.text)
    __user_setup_stackheap                   0x08002763   Thumb Code    74  sys_stackheap_outer.o(.text)
    exit                                     0x080027ad   Thumb Code    12  exit.o(.text)
    __user_libspace                          0x080027b9   Thumb Code     8  libspace.o(.text)
    __user_perproc_libspace                  0x080027b9   Thumb Code     0  libspace.o(.text)
    __user_perthread_libspace                0x080027b9   Thumb Code     0  libspace.o(.text)
    memtblsize                               0x080027c0   Data           8  malloc.o(.constdata)
    memblksize                               0x080027c8   Data           8  malloc.o(.constdata)
    memsize                                  0x080027d0   Data           8  malloc.o(.constdata)
    Region$$Table$$Base                      0x080027d8   Number         0  anon$$obj.o(Region$$Table)
    Region$$Table$$Limit                     0x080027f8   Number         0  anon$$obj.o(Region$$Table)
    SystemCoreClock                          0x20000000   Data           4  system_stm32f10x.o(.data)
    AHBPrescTable                            0x20000004   Data          16  system_stm32f10x.o(.data)
    OSRunning                                0x20000014   Data           1  swiftos.o(.data)
    OSStrategy                               0x20000015   Data           1  swiftos.o(.data)
    OSRunningTime                            0x20000018   Data           4  swiftos.o(.data)
    CurrentRunThread                         0x2000001c   Data           4  swiftos.o(.data)
    ThreadSwtTarget                          0x20000020   Data           4  swiftos.o(.data)
    CurrentRunThreadNext                     0x20000024   Data           4  swiftos.o(.data)
    OS_HighestPrio                           0x20000028   Data           1  swiftos.o(.data)
    OS_HighestWaitPrio                       0x20000029   Data           1  swiftos.o(.data)
    OS_TDSRdyMark                            0x2000002a   Data           8  swiftos.o(.data)
    OS_THREAD_ALL                            0x20000032   Data           2  swiftos.o(.data)
    OSIntNesting                             0x20000034   Data           1  swiftos.o(.data)
    OSCtxLockNesting                         0x20000035   Data           1  swiftos.o(.data)
    OSMutexList                              0x20000038   Data           4  swiftos.o(.data)
    OS_PendFifo                              0x2000003c   Data           4  swiftos.o(.data)
    OS_ResumeFifo                            0x20000040   Data           4  swiftos.o(.data)
    OS_ChangePrioFifo                        0x20000044   Data           4  swiftos.o(.data)
    mallco_dev                               0x20000048   Data          28  malloc.o(.data)
    USART_RX_STA                             0x2000007c   Data           2  usart.o(.data)
    __stdout                                 0x20000080   Data           4  usart.o(.data)
    OSTDSRdyList                             0x20000084   Data          32  swiftos.o(.bss)
    OSTDSWaitList                            0x200000a4   Data          32  swiftos.o(.bss)
    mem1base                                 0x200001e8   Data       40960  malloc.o(.bss)
    mem1mapbase                              0x2000a1e8   Data        2560  malloc.o(.bss)
    IDLE_THREAD_STK                          0x2000abe8   Data         512  start.o(.bss)
    FIRST_THREAD_STK                         0x2000ade8   Data         512  start.o(.bss)
    SEC_THREAD_STK                           0x2000afe8   Data         512  start.o(.bss)
    USART_RX_BUF                             0x2000b1e8   Data         200  usart.o(.bss)
    __libspace_start                         0x2000b2b0   Data          96  libspace.o(.bss)
    __temporary_stack_top$libspace           0x2000b310   Data           0  libspace.o(.bss)
    mem2base                                 0x68000000   Data       196608  malloc.o(.ARM.__AT_0x68000000)
    mem2mapbase                              0x68030000   Data       12288  malloc.o(.ARM.__AT_0x68030000)



==============================================================================

Memory Map of the image

  Image Entry point : 0x08000131

  Load Region LR_IROM1 (Base: 0x08000000, Size: 0x0000287c, Max: 0x00080000, ABSOLUTE)

    Execution Region ER_IROM1 (Base: 0x08000000, Size: 0x000027f8, Max: 0x00080000, ABSOLUTE)

    Base Addr    Size         Type   Attr      Idx    E Section Name        Object

    0x08000000   0x00000130   Data   RO           22    RESET               startup_stm32f10x_hd.o
    0x08000130   0x00000008   Code   RO          808  * !!!main             c_w.l(__main.o)
    0x08000138   0x00000034   Code   RO          960    !!!scatter          c_w.l(__scatter.o)
    0x0800016c   0x0000001a   Code   RO          962    !!handler_copy      c_w.l(__scatter_copy.o)
    0x08000186   0x00000002   PAD
    0x08000188   0x0000001c   Code   RO          964    !!handler_zi        c_w.l(__scatter_zi.o)
    0x080001a4   0x00000002   Code   RO          837    .ARM.Collect$$libinit$$00000000  c_w.l(libinit.o)
    0x080001a6   0x00000000   Code   RO          844    .ARM.Collect$$libinit$$00000002  c_w.l(libinit2.o)
    0x080001a6   0x00000000   Code   RO          847    .ARM.Collect$$libinit$$00000008  c_w.l(libinit2.o)
    0x080001a6   0x00000000   Code   RO          849    .ARM.Collect$$libinit$$0000000A  c_w.l(libinit2.o)
    0x080001a6   0x00000000   Code   RO          851    .ARM.Collect$$libinit$$0000000C  c_w.l(libinit2.o)
    0x080001a6   0x00000000   Code   RO          854    .ARM.Collect$$libinit$$0000000F  c_w.l(libinit2.o)
    0x080001a6   0x00000000   Code   RO          856    .ARM.Collect$$libinit$$00000011  c_w.l(libinit2.o)
    0x080001a6   0x00000000   Code   RO          858    .ARM.Collect$$libinit$$00000013  c_w.l(libinit2.o)
    0x080001a6   0x00000000   Code   RO          860    .ARM.Collect$$libinit$$00000015  c_w.l(libinit2.o)
    0x080001a6   0x00000000   Code   RO          862    .ARM.Collect$$libinit$$00000017  c_w.l(libinit2.o)
    0x080001a6   0x00000000   Code   RO          864    .ARM.Collect$$libinit$$00000019  c_w.l(libinit2.o)
    0x080001a6   0x00000000   Code   RO          866    .ARM.Collect$$libinit$$0000001B  c_w.l(libinit2.o)
    0x080001a6   0x00000000   Code   RO          868    .ARM.Collect$$libinit$$0000001D  c_w.l(libinit2.o)
    0x080001a6   0x00000000   Code   RO          870    .ARM.Collect$$libinit$$0000001F  c_w.l(libinit2.o)
    0x080001a6   0x00000000   Code   RO          872    .ARM.Collect$$libinit$$00000021  c_w.l(libinit2.o)
    0x080001a6   0x00000000   Code   RO          874    .ARM.Collect$$libinit$$00000023  c_w.l(libinit2.o)
    0x080001a6   0x00000000   Code   RO          878    .ARM.Collect$$libinit$$0000002A  c_w.l(libinit2.o)
    0x080001a6   0x00000000   Code   RO          880    .ARM.Collect$$libinit$$0000002C  c_w.l(libinit2.o)
    0x080001a6   0x00000000   Code   RO          882    .ARM.Collect$$libinit$$0000002E  c_w.l(libinit2.o)
    0x080001a6   0x00000000   Code   RO          884    .ARM.Collect$$libinit$$00000030  c_w.l(libinit2.o)
    0x080001a6   0x00000002   Code   RO          885    .ARM.Collect$$libinit$$00000031  c_w.l(libinit2.o)
    0x080001a8   0x00000002   Code   RO          903    .ARM.Collect$$libshutdown$$00000000  c_w.l(libshutdown.o)
    0x080001aa   0x00000000   Code   RO          914    .ARM.Collect$$libshutdown$$00000003  c_w.l(libshutdown2.o)
    0x080001aa   0x00000000   Code   RO          917    .ARM.Collect$$libshutdown$$00000006  c_w.l(libshutdown2.o)
    0x080001aa   0x00000000   Code   RO          920    .ARM.Collect$$libshutdown$$00000009  c_w.l(libshutdown2.o)
    0x080001aa   0x00000000   Code   RO          922    .ARM.Collect$$libshutdown$$0000000B  c_w.l(libshutdown2.o)
    0x080001aa   0x00000000   Code   RO          925    .ARM.Collect$$libshutdown$$0000000E  c_w.l(libshutdown2.o)
    0x080001aa   0x00000002   Code   RO          926    .ARM.Collect$$libshutdown$$0000000F  c_w.l(libshutdown2.o)
    0x080001ac   0x00000000   Code   RO          812    .ARM.Collect$$rtentry$$00000000  c_w.l(rtentry.o)
    0x080001ac   0x00000000   Code   RO          814    .ARM.Collect$$rtentry$$00000002  c_w.l(rtentry2.o)
    0x080001ac   0x00000006   Code   RO          826    .ARM.Collect$$rtentry$$00000004  c_w.l(rtentry4.o)
    0x080001b2   0x00000000   Code   RO          816    .ARM.Collect$$rtentry$$00000009  c_w.l(rtentry2.o)
    0x080001b2   0x00000004   Code   RO          817    .ARM.Collect$$rtentry$$0000000A  c_w.l(rtentry2.o)
    0x080001b6   0x00000000   Code   RO          819    .ARM.Collect$$rtentry$$0000000C  c_w.l(rtentry2.o)
    0x080001b6   0x00000008   Code   RO          820    .ARM.Collect$$rtentry$$0000000D  c_w.l(rtentry2.o)
    0x080001be   0x00000002   Code   RO          841    .ARM.Collect$$rtexit$$00000000  c_w.l(rtexit.o)
    0x080001c0   0x00000000   Code   RO          887    .ARM.Collect$$rtexit$$00000002  c_w.l(rtexit2.o)
    0x080001c0   0x00000004   Code   RO          888    .ARM.Collect$$rtexit$$00000003  c_w.l(rtexit2.o)
    0x080001c4   0x00000006   Code   RO          889    .ARM.Collect$$rtexit$$00000004  c_w.l(rtexit2.o)
    0x080001ca   0x00000002   PAD
    0x080001cc   0x000000a4   Code   RO            1    .text               os_cpu_a.o
    0x08000270   0x00000040   Code   RO           23    .text               startup_stm32f10x_hd.o
    0x080002b0   0x00000016   Code   RO           27    .text               stm32f10x_it.o
    0x080002c6   0x00000002   PAD
    0x080002c8   0x000001dc   Code   RO           77    .text               system_stm32f10x.o
    0x080004a4   0x000001b0   Code   RO           98    .text               k_core.o
    0x08000654   0x00000042   Code   RO          157    .text               k_malloc.o
    0x08000696   0x00000002   PAD
    0x08000698   0x00000160   Code   RO          199    .text               k_tds_operate.o
    0x080007f8   0x00000528   Code   RO          218    .text               k_thread.o
    0x08000d20   0x00000058   Code   RO          265    .text               time.o
    0x08000d78   0x0000009a   Code   RO          305    .text               k_cpu_core.o
    0x08000e12   0x00000002   PAD
    0x08000e14   0x00000230   Code   RO          321    .text               malloc.o
    0x08001044   0x00000118   Code   RO          343    .text               sram.o
    0x0800115c   0x00000110   Code   RO          366    .text               delay.o
    0x0800126c   0x0000000c   Code   RO          383    .text               sys.o
    0x08001278   0x00000144   Code   RO          395    .text               start.o
    0x080013bc   0x0000000e   Code   RO          426    .text               main.o
    0x080013ca   0x00000002   PAD
    0x080013cc   0x000000dc   Code   RO          438    .text               misc.o
    0x080014a8   0x00000618   Code   RO          600    .text               stm32f10x_fsmc.o
    0x08001ac0   0x00000358   Code   RO          612    .text               stm32f10x_gpio.o
    0x08001e18   0x000003a4   Code   RO          669    .text               stm32f10x_rcc.o
    0x080021bc   0x00000408   Code   RO          737    .text               stm32f10x_usart.o
    0x080025c4   0x0000004c   Code   RO          764    .text               led.o
    0x08002610   0x00000148   Code   RO          779    .text               usart.o
    0x08002758   0x00000002   Code   RO          804    .text               c_w.l(use_no_semi_2.o)
    0x0800275a   0x00000006   Code   RO          806    .text               c_w.l(heapauxi.o)
    0x08002760   0x00000002   Code   RO          810    .text               c_w.l(use_no_semi.o)
    0x08002762   0x0000004a   Code   RO          828    .text               c_w.l(sys_stackheap_outer.o)
    0x080027ac   0x0000000c   Code   RO          830    .text               c_w.l(exit.o)
    0x080027b8   0x00000008   Code   RO          838    .text               c_w.l(libspace.o)
    0x080027c0   0x00000018   Data   RO          325    .constdata          malloc.o
    0x080027d8   0x00000020   Data   RO          958    Region$$Table       anon$$obj.o


    Execution Region RW_IRAM1 (Base: 0x20000000, Size: 0x0000bd10, Max: 0x00010000, ABSOLUTE)

    Base Addr    Size         Type   Attr      Idx    E Section Name        Object

    0x20000000   0x00000014   Data   RW           78    .data               system_stm32f10x.o
    0x20000014   0x00000034   Data   RW          136    .data               swiftos.o
    0x20000048   0x0000001c   Data   RW          326    .data               malloc.o
    0x20000064   0x00000004   Data   RW          367    .data               delay.o
    0x20000068   0x00000014   Data   RW          670    .data               stm32f10x_rcc.o
    0x2000007c   0x00000008   Data   RW          781    .data               usart.o
    0x20000084   0x00000040   Zero   RW          135    .bss                swiftos.o
    0x200000c4   0x00000124   Zero   RW          219    .bss                k_thread.o
    0x200001e8   0x0000aa00   Zero   RW          324    .bss                malloc.o
    0x2000abe8   0x00000600   Zero   RW          396    .bss                start.o
    0x2000b1e8   0x000000c8   Zero   RW          780    .bss                usart.o
    0x2000b2b0   0x00000060   Zero   RW          839    .bss                c_w.l(libspace.o)
    0x2000b310   0x00000200   Zero   RW           21    HEAP                startup_stm32f10x_hd.o
    0x2000b510   0x00000800   Zero   RW           20    STACK               startup_stm32f10x_hd.o



  Load Region LR$$.ARM.__AT_0x68000000 (Base: 0x68000000, Size: 0x00000000, Max: 0x00030000, ABSOLUTE)

    Execution Region ER$$.ARM.__AT_0x68000000 (Base: 0x68000000, Size: 0x00030000, Max: 0x00030000, ABSOLUTE, UNINIT)

    Base Addr    Size         Type   Attr      Idx    E Section Name        Object

    0x68000000   0x00030000   Zero   RW          322    .ARM.__AT_0x68000000  malloc.o



  Load Region LR$$.ARM.__AT_0x68030000 (Base: 0x68030000, Size: 0x00000000, Max: 0x00003000, ABSOLUTE)

    Execution Region ER$$.ARM.__AT_0x68030000 (Base: 0x68030000, Size: 0x00003000, Max: 0x00003000, ABSOLUTE, UNINIT)

    Base Addr    Size         Type   Attr      Idx    E Section Name        Object

    0x68030000   0x00003000   Zero   RW          323    .ARM.__AT_0x68030000  malloc.o


==============================================================================

Image component sizes


      Code (inc. data)   RO Data    RW Data    ZI Data      Debug   Object Name

         0          0          0          0          0       4212   core_cm3.o
       272         26          0          4          0       1183   delay.o
       432         46          0          0          0       4546   k_core.o
       154          0          0          0          0        879   k_cpu_core.o
        66          0          0          0          0     206190   k_malloc.o
       352         18          0          0          0       3492   k_tds_operate.o
      1320         78          0          0        292       9714   k_thread.o
        76          8          0          0          0        435   led.o
        14          0          0          0          0        371   main.o
       560         18         24         28     252416       4348   malloc.o
       220         20          0          0          0       1681   misc.o
       164         28          0          0          0        300   os_cpu_a.o
       280         16          0          0          0       1849   sram.o
       324         46          0          0       1536       2310   start.o
        64         26        304          0       2560        752   startup_stm32f10x_hd.o
      1560         54          0          0          0       5219   stm32f10x_fsmc.o
       856         40          0          0          0       5521   stm32f10x_gpio.o
        22          0          0          0          0      31875   stm32f10x_it.o
       932         44          0         20          0       8620   stm32f10x_rcc.o
      1032         22          0          0          0       8252   stm32f10x_usart.o
         0          0          0         52         64       4450   swiftos.o
        12          0          0          0          0        397   sys.o
       476         36          0         20          0       1655   system_stm32f10x.o
        88         16          0          0          0       1900   time.o
       328         18          0          8        200       2938   usart.o

    ----------------------------------------------------------------------
      9612        560        360        132     257068     313089   Object Totals
         0          0         32          0          0          0   (incl. Generated)
         8          0          0          0          0          0   (incl. Padding)

    ----------------------------------------------------------------------

      Code (inc. data)   RO Data    RW Data    ZI Data      Debug   Library Member Name

         8          0          0          0          0         68   __main.o
        52          8          0          0          0          0   __scatter.o
        26          0          0          0          0          0   __scatter_copy.o
        28          0          0          0          0          0   __scatter_zi.o
        12          0          0          0          0         72   exit.o
         6          0          0          0          0        152   heapauxi.o
         2          0          0          0          0          0   libinit.o
         2          0          0          0          0          0   libinit2.o
         2          0          0          0          0          0   libshutdown.o
         2          0          0          0          0          0   libshutdown2.o
         8          4          0          0         96         68   libspace.o
         0          0          0          0          0          0   rtentry.o
        12          0          0          0          0          0   rtentry2.o
         6          0          0          0          0          0   rtentry4.o
         2          0          0          0          0          0   rtexit.o
        10          0          0          0          0          0   rtexit2.o
        74          0          0          0          0         80   sys_stackheap_outer.o
         2          0          0          0          0         68   use_no_semi.o
         2          0          0          0          0         68   use_no_semi_2.o

    ----------------------------------------------------------------------
       260         12          0          0         96        576   Library Totals
         4          0          0          0          0          0   (incl. Padding)

    ----------------------------------------------------------------------

      Code (inc. data)   RO Data    RW Data    ZI Data      Debug   Library Name

       256         12          0          0         96        576   c_w.l

    ----------------------------------------------------------------------
       260         12          0          0         96        576   Library Totals

    ----------------------------------------------------------------------

==============================================================================


      Code (inc. data)   RO Data    RW Data    ZI Data      Debug   

      9872        572        360        132     257164     311689   Grand Totals
      9872        572        360        132     257164     311689   ELF Image Totals
      9872        572        360        132          0          0   ROM Totals

==============================================================================

    Total RO  Size (Code + RO Data)                10232 (   9.99kB)
    Total RW  Size (RW Data + ZI Data)            257296 ( 251.27kB)
    Total ROM Size (Code + RO Data + RW Data)      10364 (  10.12kB)

==============================================================================

